[validthemes.net/site-template/consua/index.html]
[backblue.gif]
[fade.gif]
[index.html]
[validthemes.net/site-template/consua/assets/img/favicon.png]
[validthemes.net/site-template/consua/assets/css/bootstrap.min.css]
[validthemes.net/site-template/consua/assets/css/font-awesome.min.css]
[validthemes.net/site-template/consua/assets/css/themify-icons.css]
[validthemes.net/site-template/consua/assets/css/elegant-icons.css]
[validthemes.net/site-template/consua/assets/css/flaticon-set.css]
[validthemes.net/site-template/consua/assets/css/magnific-popup.css]
[validthemes.net/site-template/consua/assets/css/swiper-bundle.min.css]
[validthemes.net/site-template/consua/assets/css/animate.css]
[validthemes.net/site-template/consua/assets/css/validnavs.css]
[validthemes.net/site-template/consua/assets/css/helper.css]
[validthemes.net/site-template/consua/assets/css/unit-test.css]
[validthemes.net/site-template/consua/assets/css/style.css]
[validthemes.net/site-template/consua/style.css]
[validthemes.net/site-template/consua/assets/img/logo.png]
[validthemes.net/site-template/consua/index-2.html]
[validthemes.net/site-template/consua/marketing-agency.html]
[validthemes.net/site-template/consua/insurance.html]
[validthemes.net/site-template/consua/solar-energy.html]
[validthemes.net/site-template/consua/software-landing.html]
[validthemes.net/site-template/consua/about-us.html]
[validthemes.net/site-template/consua/team.html]
[validthemes.net/site-template/consua/team-details.html]
[validthemes.net/site-template/consua/pricing.html]
[validthemes.net/site-template/consua/faq.html]
[validthemes.net/site-template/consua/contact-us.html]
[validthemes.net/site-template/consua/404.html]
[validthemes.net/site-template/consua/project.html]
[validthemes.net/site-template/consua/project-details.html]
[validthemes.net/site-template/consua/services.html]
[validthemes.net/site-template/consua/services-2.html]
[validthemes.net/site-template/consua/services-details.html]
[validthemes.net/site-template/consua/blog-standard.html]
[validthemes.net/site-template/consua/blog-with-sidebar.html]
[validthemes.net/site-template/consua/blog-2-colum.html]
[validthemes.net/site-template/consua/blog-3-colum.html]
[validthemes.net/site-template/consua/blog-single.html]
[validthemes.net/site-template/consua/blog-single-with-sidebar.html]
[validthemes.net/site-template/consua/assets/img/banner/1.jpg]
[validthemes.net/site-template/consua/assets/img/shape/4.png]
[validthemes.net/site-template/consua/assets/img/banner/6.jpg]
[validthemes.net/site-template/consua/assets/img/shape/anim-1.png]
[validthemes.net/site-template/consua/assets/img/shape/anim-2.png]
[validthemes.net/site-template/consua/assets/img/signature.png]
[validthemes.net/site-template/consua/assets/img/about/1.jpg]
[validthemes.net/site-template/consua/assets/img/shape/anim-3.png]
[validthemes.net/site-template/consua/assets/img/shape/anim-4.png]
[validthemes.net/site-template/consua/assets/img/shape/10.png]
[validthemes.net/site-template/consua/assets/img/shape/5.png]
[validthemes.net/site-template/consua/services-single.html]
[validthemes.net/site-template/consua/assets/img/shape/11.png]
[validthemes.net/site-template/consua/assets/img/about/3.jpg]
[validthemes.net/site-template/consua/assets/img/about/6.jpg]
[validthemes.net/site-template/consua/assets/img/about/5.jpg]
[validthemes.net/site-template/consua/assets/img/banner/7.jpg]
[validthemes.net/site-template/consua/assets/img/shape/17.png]
[validthemes.net/site-template/consua/assets/img/shape/map.png]
[validthemes.net/site-template/consua/assets/img/banner/10.jpg]
[validthemes.net/site-template/consua/assets/img/logo/1.png]
[validthemes.net/site-template/consua/assets/img/logo/2.png]
[validthemes.net/site-template/consua/assets/img/logo/7.png]
[validthemes.net/site-template/consua/assets/img/logo/4.png]
[validthemes.net/site-template/consua/assets/img/logo/5.png]
[validthemes.net/site-template/consua/assets/img/logo/6.png]
[validthemes.net/site-template/consua/assets/img/shape/18.png]
[validthemes.net/site-template/consua/assets/img/team/1.jpg]
[validthemes.net/site-template/consua/assets/img/team/2.jpg]
[validthemes.net/site-template/consua/assets/img/team/8.jpg]
[validthemes.net/site-template/consua/assets/img/team/4.jpg]
[validthemes.net/site-template/consua/assets/img/projects/1.jpg]
[validthemes.net/site-template/consua/assets/img/projects/2.jpg]
[validthemes.net/site-template/consua/assets/img/banner/13.jpg]
[validthemes.net/site-template/consua/assets/img/illustration/5.png]
[validthemes.net/site-template/consua/assets/img/shape/19.png]
[validthemes.net/site-template/consua/assets/img/blog/4.jpg]
[validthemes.net/site-template/consua/assets/img/blog/5.jpg]
[validthemes.net/site-template/consua/assets/img/blog/6.jpg]
[validthemes.net/site-template/consua/assets/img/shape/7.png]
[validthemes.net/site-template/consua/assets/img/shape/9.png]
[validthemes.net/site-template/consua/assets/img/logo-light.png]
[validthemes.net/site-template/consua/assets/js/jquery-3.6.0.min.js]
[validthemes.net/site-template/consua/assets/js/bootstrap.bundle.min.js]
[validthemes.net/site-template/consua/assets/js/jquery.appear.js]
[validthemes.net/site-template/consua/assets/js/jquery.easing.min.js]
[validthemes.net/site-template/consua/assets/js/jquery.magnific-popup.min.js]
[validthemes.net/site-template/consua/assets/js/modernizr.custom.13711.js]
[validthemes.net/site-template/consua/assets/js/swiper-bundle.min.js]
[validthemes.net/site-template/consua/assets/js/progress-bar.min.js]
[validthemes.net/site-template/consua/assets/js/wow.min.js]
[validthemes.net/site-template/consua/assets/js/circle-progress.js]
[validthemes.net/site-template/consua/assets/js/isotope.pkgd.min.js]
[validthemes.net/site-template/consua/assets/js/imagesloaded.pkgd.min.js]
[validthemes.net/site-template/consua/assets/js/jquery.nice-select.min.js]
[validthemes.net/site-template/consua/assets/js/count-to.js]
[validthemes.net/site-template/consua/assets/js/jquery.scrolla.min.js]
[validthemes.net/site-template/consua/assets/js/YTPlayer.min.js]
[validthemes.net/site-template/consua/assets/js/TweenMax.min.js]
[validthemes.net/site-template/consua/assets/js/rangeSlider.min.js]
[validthemes.net/site-template/consua/assets/js/jquery-ui.min.js]
[validthemes.net/site-template/consua/assets/js/validnavs.js]
[validthemes.net/site-template/consua/index.html]
[validthemes.net/site-template/consua/assets/js/main.js]
[validthemes.net/site-template/consua/assets/css/bootstrap.min.css]
[validthemes.net/site-template/consua/assets/fonts/fa-brands-400.eot]
[validthemes.net/site-template/consua/assets/fonts/fa-brands-400d41d.eot]
[validthemes.net/site-template/consua/assets/fonts/fa-brands-400.woff2]
[validthemes.net/site-template/consua/assets/fonts/fa-brands-400.woff]
[validthemes.net/site-template/consua/assets/fonts/fa-brands-400.ttf]
[validthemes.net/site-template/consua/assets/fonts/fa-brands-400.svg]
[validthemes.net/site-template/consua/assets/fonts/fa-duotone-900.eot]
[validthemes.net/site-template/consua/assets/fonts/fa-duotone-900d41d.eot]
[validthemes.net/site-template/consua/assets/fonts/fa-duotone-900.woff2]
[validthemes.net/site-template/consua/assets/fonts/fa-duotone-900.woff]
[validthemes.net/site-template/consua/assets/fonts/fa-duotone-900.70.delayed]
[validthemes.net/site-template/consua/assets/fonts/fa-duotone-900.svg]
[validthemes.net/site-template/consua/assets/fonts/fa-light-300.eot]
[validthemes.net/site-template/consua/assets/fonts/fa-light-300d41d.eot]
[validthemes.net/site-template/consua/assets/fonts/fa-light-300.woff2]
[validthemes.net/site-template/consua/assets/fonts/fa-light-300.woff]
[validthemes.net/site-template/consua/assets/fonts/fa-light-300.ttf]
[validthemes.net/site-template/consua/assets/fonts/fa-light-300.svg]
[validthemes.net/site-template/consua/assets/fonts/fa-regular-400.eot]
[validthemes.net/site-template/consua/assets/fonts/fa-regular-400d41d.eot]
[validthemes.net/site-template/consua/assets/fonts/fa-regular-400.woff2]
[validthemes.net/site-template/consua/assets/fonts/fa-regular-400.woff]
[validthemes.net/site-template/consua/assets/fonts/fa-regular-400.ttf]
[validthemes.net/site-template/consua/assets/fonts/fa-regular-400.svg]
[validthemes.net/site-template/consua/assets/fonts/fa-solid-900.eot]
[validthemes.net/site-template/consua/assets/fonts/fa-solid-900d41d.eot]
[validthemes.net/site-template/consua/assets/fonts/fa-solid-900.woff2]
[validthemes.net/site-template/consua/assets/fonts/fa-solid-900.woff]
[validthemes.net/site-template/consua/assets/fonts/fa-solid-900.ttf]
[validthemes.net/site-template/consua/assets/fonts/fa-solid-900.svg]
[validthemes.net/site-template/consua/assets/css/font-awesome.min.css]
[validthemes.net/site-template/consua/assets/fonts/themify9f24.eot]
[validthemes.net/site-template/consua/assets/fonts/themifyd41d.eot]
[validthemes.net/site-template/consua/assets/fonts/themify9f24.woff]
[validthemes.net/site-template/consua/assets/fonts/themify9f24.ttf]
[validthemes.net/site-template/consua/assets/fonts/themify9f24.svg]
[validthemes.net/site-template/consua/assets/css/themify-icons.css]
[validthemes.net/site-template/consua/assets/fonts/ElegantIcons.eot]
[validthemes.net/site-template/consua/assets/fonts/ElegantIconsd41d.eot]
[validthemes.net/site-template/consua/assets/fonts/ElegantIcons.woff]
[validthemes.net/site-template/consua/assets/fonts/ElegantIcons.ttf]
[validthemes.net/site-template/consua/assets/fonts/ElegantIcons.svg]
[validthemes.net/site-template/consua/assets/css/ElegantIcons.svg]
[validthemes.net/site-template/consua/assets/css/elegant-icons.css]
[validthemes.net/site-template/consua/assets/fonts/flaticon.eot]
[validthemes.net/site-template/consua/assets/fonts/flaticond41d.eot]
[validthemes.net/site-template/consua/assets/fonts/flaticon.woff]
[validthemes.net/site-template/consua/assets/fonts/flaticon.ttf]
[validthemes.net/site-template/consua/assets/fonts/flaticon.svg]
[validthemes.net/site-template/consua/assets/css/flaticon.svg]
[validthemes.net/site-template/consua/assets/css/flaticon-set.css]
[validthemes.net/site-template/consua/assets/css/magnific-popup.css]
[validthemes.net/site-template/consua/assets/css/swiper-bundle.min.css]
[validthemes.net/site-template/consua/assets/css/animate.css]
[validthemes.net/site-template/consua/assets/css/validnavs.css]
[validthemes.net/site-template/consua/assets/css/helper.css]
[validthemes.net/site-template/consua/assets/css/unit-test.css]
[validthemes.net/site-template/consua/assets/img/shape/14.png]
[validthemes.net/site-template/consua/assets/img/shape/26.png]
[validthemes.net/site-template/consua/assets/img/shape/56.png]
[validthemes.net/site-template/consua/assets/img/shape/58.png]
[validthemes.net/site-template/consua/assets/css/style.css]
[validthemes.net/site-template/consua/style.css]
[validthemes.net/site-template/consua/assets/img/shape/banner.jpg]
[validthemes.net/site-template/consua/assets/img/illustration/1.png]
[validthemes.net/site-template/consua/assets/img/shape/3.png]
[validthemes.net/site-template/consua/assets/img/illustration/2.png]
[validthemes.net/site-template/consua/assets/img/shape/21.png]
[validthemes.net/site-template/consua/assets/img/shape/27.png]
[validthemes.net/site-template/consua/assets/img/service/2.jpg]
[validthemes.net/site-template/consua/assets/img/service/3.jpg]
[validthemes.net/site-template/consua/assets/img/service/4.jpg]
[validthemes.net/site-template/consua/assets/img/shape/29.png]
[validthemes.net/site-template/consua/assets/img/about/7.jpg]
[validthemes.net/site-template/consua/assets/img/about/8.jpg]
[validthemes.net/site-template/consua/assets/img/shape/anim-5.png]
[validthemes.net/site-template/consua/assets/img/shape/32.png]
[validthemes.net/site-template/consua/assets/img/illustration/6.png]
[validthemes.net/site-template/consua/assets/img/shape/34.png]
[validthemes.net/site-template/consua/assets/img/shape/quote.png]
[validthemes.net/site-template/consua/assets/img/logo/01.png]
[validthemes.net/site-template/consua/assets/img/logo/04.png]
[validthemes.net/site-template/consua/assets/img/logo/05.png]
[validthemes.net/site-template/consua/assets/img/gallery/5.jpg]
[validthemes.net/site-template/consua/assets/img/shape/35.png]
[validthemes.net/site-template/consua/assets/img/gallery/3.jpg]
[validthemes.net/site-template/consua/assets/img/gallery/2.jpg]
[validthemes.net/site-template/consua/assets/img/gallery/6.jpg]
[validthemes.net/site-template/consua/assets/img/shape/37.png]
[validthemes.net/site-template/consua/assets/img/shape/36.png]
[validthemes.net/site-template/consua/assets/img/shape/41.png]
[validthemes.net/site-template/consua/assets/img/shape/39.png]
[validthemes.net/site-template/consua/assets/img/blog/1.jpg]
[validthemes.net/site-template/consua/assets/img/blog/2.jpg]
[validthemes.net/site-template/consua/assets/img/blog/3.jpg]
[validthemes.net/site-template/consua/index-2.html]
[validthemes.net/site-template/consua/assets/img/logo-light-solid.png]
[validthemes.net/site-template/consua/assets/img/logo-blue.png]
[validthemes.net/site-template/consua/assets/img/shape/banner-2.jpg]
[validthemes.net/site-template/consua/assets/img/illustration/7.png]
[validthemes.net/site-template/consua/assets/img/shape/45.png]
[validthemes.net/site-template/consua/assets/img/icon/3.png]
[validthemes.net/site-template/consua/assets/img/icon/4.png]
[validthemes.net/site-template/consua/assets/img/icon/5.png]
[validthemes.net/site-template/consua/assets/img/shape/40.png]
[validthemes.net/site-template/consua/assets/img/illustration/16.png]
[validthemes.net/site-template/consua/assets/img/illustration/v.png]
[validthemes.net/site-template/consua/assets/img/illustration/v2.png]
[validthemes.net/site-template/consua/assets/img/shape/map-light.png]
[validthemes.net/site-template/consua/assets/img/logo/06.png]
[validthemes.net/site-template/consua/assets/img/logo/07.png]
[validthemes.net/site-template/consua/assets/img/logo/08.png]
[validthemes.net/site-template/consua/assets/img/logo/09.png]
[validthemes.net/site-template/consua/assets/img/team/5.jpg]
[validthemes.net/site-template/consua/assets/img/team/3.jpg]
[validthemes.net/site-template/consua/assets/img/team/6.jpg]
[validthemes.net/site-template/consua/assets/img/shape/15.webp]
[validthemes.net/site-template/consua/assets/img/shape/arrow.png]
[validthemes.net/site-template/consua/assets/img/gallery/7.jpg]
[validthemes.net/site-template/consua/assets/img/gallery/8.jpg]
[validthemes.net/site-template/consua/assets/img/gallery/9.jpg]
[validthemes.net/site-template/consua/assets/img/shape/19-blue.png]
[validthemes.net/site-template/consua/assets/img/shape/38.png]
[validthemes.net/site-template/consua/marketing-agency.html]
[validthemes.net/site-template/consua/assets/img/logo-light-blue.png]
[validthemes.net/site-template/consua/assets/img/banner/15.jpg]
[validthemes.net/site-template/consua/assets/img/shape/43.png]
[validthemes.net/site-template/consua/assets/img/banner/16.jpg]
[validthemes.net/site-template/consua/assets/img/about/10.jpg]
[validthemes.net/site-template/consua/assets/img/about/9.jpg]
[validthemes.net/site-template/consua/assets/img/about/11.jpg]
[validthemes.net/site-template/consua/assets/img/shape/51.png]
[validthemes.net/site-template/consua/assets/img/about/12.jpg]
[validthemes.net/site-template/consua/assets/img/shape/52.png]
[validthemes.net/site-template/consua/assets/img/about/13.jpg]
[validthemes.net/site-template/consua/assets/img/shape/53.png]
[validthemes.net/site-template/consua/assets/img/shape/banner-4.png]
[validthemes.net/site-template/consua/assets/img/shape/47.png]
[validthemes.net/site-template/consua/insurance.html]
[validthemes.net/site-template/consua/assets/img/logo-solar.png]
[validthemes.net/site-template/consua/assets/img/shape/54.png]
[validthemes.net/site-template/consua/assets/img/banner/18.jpg]
[validthemes.net/site-template/consua/assets/img/banner/19.jpg]
[validthemes.net/site-template/consua/assets/img/icon/6.png]
[validthemes.net/site-template/consua/assets/img/icon/7.png]
[validthemes.net/site-template/consua/assets/img/icon/8.png]
[validthemes.net/site-template/consua/assets/img/shape/banner-3.jpg]
[validthemes.net/site-template/consua/assets/img/about/16.jpg]
[validthemes.net/site-template/consua/assets/img/about/15.jpg]
[validthemes.net/site-template/consua/assets/img/icon/9.png]
[validthemes.net/site-template/consua/assets/img/service/5.jpg]
[validthemes.net/site-template/consua/assets/img/icon/10.png]
[validthemes.net/site-template/consua/assets/img/service/6.jpg]
[validthemes.net/site-template/consua/assets/img/icon/11.png]
[validthemes.net/site-template/consua/assets/img/service/7.jpg]
[validthemes.net/site-template/consua/assets/img/shape/map-large.png]
[validthemes.net/site-template/consua/assets/img/process/1.jpg]
[validthemes.net/site-template/consua/assets/img/process/2.jpg]
[validthemes.net/site-template/consua/assets/img/process/3.jpg]
[validthemes.net/site-template/consua/assets/img/shape/19-green.png]
[validthemes.net/site-template/consua/assets/img/portfolio/1.jpg]
[validthemes.net/site-template/consua/assets/img/portfolio/2.jpg]
[validthemes.net/site-template/consua/assets/img/portfolio/3.jpg]
[validthemes.net/site-template/consua/assets/img/portfolio/4.jpg]
[validthemes.net/site-template/consua/assets/img/portfolio/5.jpg]
[validthemes.net/site-template/consua/assets/img/blog/10.jpg]
[validthemes.net/site-template/consua/assets/img/blog/11.jpg]
[validthemes.net/site-template/consua/assets/img/blog/12.jpg]
[validthemes.net/site-template/consua/solar-energy.html]
[validthemes.net/site-template/consua/assets/img/shape/banner-4.jpg]
[validthemes.net/site-template/consua/assets/img/dashboard/1.jpg]
[validthemes.net/site-template/consua/assets/img/dashboard/2.jpg]
[validthemes.net/site-template/consua/assets/img/icon/12.png]
[validthemes.net/site-template/consua/assets/img/icon/13.png]
[validthemes.net/site-template/consua/assets/img/icon/14.png]
[validthemes.net/site-template/consua/assets/img/dashboard/3.jpg]
[validthemes.net/site-template/consua/assets/img/illustration/12.png]
[validthemes.net/site-template/consua/assets/img/dashboard/1.png]
[validthemes.net/site-template/consua/assets/img/shape/banner-1.png]
[validthemes.net/site-template/consua/assets/img/dashboard/4.jpg]
[validthemes.net/site-template/consua/assets/img/dashboard/5.jpg]
[validthemes.net/site-template/consua/assets/img/dashboard/6.jpg]
[validthemes.net/site-template/consua/assets/img/banner/20.jpg]
[validthemes.net/site-template/consua/software-landing.html]
[validthemes.net/site-template/consua/assets/img/shape/50.png]
[validthemes.net/site-template/consua/about-us.html]
[validthemes.net/site-template/consua/assets/img/team/7.jpg]
[validthemes.net/site-template/consua/team.html]
[validthemes.net/site-template/consua/team-details.html]
[validthemes.net/site-template/consua/pricing.html]
[validthemes.net/site-template/consua/faq.html]
[validthemes.net/site-template/consua/contact-us.html]
[validthemes.net/site-template/consua/assets/img/shape/44-left.png]
[validthemes.net/site-template/consua/assets/img/shape/44-right.png]
[validthemes.net/site-template/consua/404.html]
[validthemes.net/site-template/consua/project.html]
[validthemes.net/site-template/consua/assets/img/banner/17.jpg]
[validthemes.net/site-template/consua/project-details.html]
[validthemes.net/site-template/consua/services.html]
[validthemes.net/site-template/consua/services-2.html]
[validthemes.net/site-template/consua/assets/img/banner/12.jpg]
[validthemes.net/site-template/consua/assets/img/shape/15.png]
[validthemes.net/site-template/consua/services-details.html]
[validthemes.net/site-template/consua/assets/img/blog/v1.jpg]
[validthemes.net/site-template/consua/assets/img/blog/v2.jpg]
[validthemes.net/site-template/consua/assets/img/blog/v3.jpg]
[validthemes.net/site-template/consua/blog-standard.html]
[validthemes.net/site-template/consua/assets/img/about/4.jpg]
[validthemes.net/site-template/consua/assets/img/about/14.jpg]
[validthemes.net/site-template/consua/blog-with-sidebar.html]
[validthemes.net/site-template/consua/assets/img/blog/7.jpg]
[validthemes.net/site-template/consua/blog-2-colum.html]
[validthemes.net/site-template/consua/assets/img/blog/8.jpg]
[validthemes.net/site-template/consua/assets/img/blog/9.jpg]
[validthemes.net/site-template/consua/blog-3-colum.html]
[validthemes.net/site-template/consua/assets/img/teams/1.jpg]
[validthemes.net/site-template/consua/$]
[validthemes.net/site-template/consua/assets/img/teams/2.jpg]
[validthemes.net/site-template/consua/assets/img/teams/3.jpg]
[validthemes.net/site-template/consua/blog-single.html]
[validthemes.net/site-template/consua/assets/img/teams/4.jpg]
[validthemes.net/site-template/consua/blog-single-with-sidebar.html]
[validthemes.net/site-template/consua/services-single.html]
[validthemes.net/site-template/consua/assets/js/jquery-3.6.0.min.js]
[validthemes.net/site-template/consua/assets/js/bootstrap.bundle.min.js]
[validthemes.net/site-template/consua/assets/js/jquery.appear.js]
[validthemes.net/site-template/consua/assets/js/jquery.easing.min.js]
[validthemes.net/site-template/consua/assets/js/jquery.magnific-popup.min.js]
[validthemes.net/site-template/consua/assets/js/modernizr.custom.13711.js]
[validthemes.net/site-template/consua/assets/js/swiper-bundle.min.js]
[validthemes.net/site-template/consua/assets/js/wow.min.js]
[validthemes.net/site-template/consua/assets/js/progress-bar.min.js]
[validthemes.net/site-template/consua/assets/js/circle-progress.js]
[validthemes.net/site-template/consua/assets/js/isotope.pkgd.min.js]
[validthemes.net/site-template/consua/assets/js/imagesloaded.pkgd.min.js]
[validthemes.net/site-template/consua/assets/js/jquery.nice-select.min.js]
[validthemes.net/site-template/consua/assets/js/count-to.js]
[validthemes.net/site-template/consua/assets/js/jquery.scrolla.min.js]
[validthemes.net/site-template/consua/assets/js/YTPlayer.min.js]
[validthemes.net/site-template/consua/assets/js/TweenMax.min.js]
[validthemes.net/site-template/consua/assets/js/rangeSlider.min.js]
[validthemes.net/site-template/consua/assets/js/jquery-ui.min.js]
[validthemes.net/site-template/consua/assets/js/validnavs.js]
[validthemes.net/site-template/consua/assets/js/main.js]
[validthemes.net/site-template/consua/assets/fonts/fa-brands-400.html]
[validthemes.net/site-template/consua/assets/fonts/fa-brands-400d41d.html]
[validthemes.net/site-template/consua/assets/fonts/fa-brands-401.html]
[validthemes.net/site-template/consua/assets/fonts/fa-brands-402.html]
[validthemes.net/site-template/consua/assets/fonts/fa-duotone-900.html]
[validthemes.net/site-template/consua/assets/fonts/fa-duotone-900d41d.html]
[validthemes.net/site-template/consua/assets/fonts/fa-duotone-901.html]
[validthemes.net/site-template/consua/assets/fonts/fa-duotone-902.html]
[validthemes.net/site-template/consua/assets/fonts/fa-light-300.html]
[validthemes.net/site-template/consua/assets/fonts/fa-light-300d41d.html]
[validthemes.net/site-template/consua/assets/fonts/fa-light-301.html]
[validthemes.net/site-template/consua/assets/fonts/fa-light-302.html]
[validthemes.net/site-template/consua/assets/fonts/fa-regular-400.html]
[validthemes.net/site-template/consua/assets/fonts/fa-regular-400d41d.html]
[validthemes.net/site-template/consua/assets/fonts/fa-regular-401.html]
[validthemes.net/site-template/consua/assets/fonts/fa-regular-402.html]
[validthemes.net/site-template/consua/assets/fonts/fa-solid-900.html]
[validthemes.net/site-template/consua/assets/fonts/fa-solid-900d41d.html]
[validthemes.net/site-template/consua/assets/fonts/fa-solid-901.html]
[validthemes.net/site-template/consua/assets/fonts/fa-solid-902.html]
[validthemes.net/site-template/consua/assets/fonts/themify9f24.html]
[validthemes.net/site-template/consua/assets/fonts/themifyd41d.html]
[validthemes.net/site-template/consua/assets/fonts/themify9f24-2.html]
[validthemes.net/site-template/consua/assets/fonts/themify9f24-3.html]
[validthemes.net/site-template/consua/assets/fonts/themify9f24-4.html]
[validthemes.net/site-template/consua/assets/fonts/ElegantIcons.html]
[validthemes.net/site-template/consua/assets/fonts/ElegantIcons-2.html]
[validthemes.net/site-template/consua/assets/css/ElegantIcons.html]
[validthemes.net/site-template/consua/assets/fonts/flaticon.html]
[validthemes.net/site-template/consua/assets/css/flaticon.html]
[validthemes.net/site-template/consua/$.html]
[validthemes.net/site-template/consua/Version/index.html]
[validthemes.net/site-template/consua/Version/index.html]
